type: T_KEYWORD, value: import
type: T_IDENT, value: std
type: T_DOT, value: (null)
type: T_IDENT, value: math
type: T_DOT, value: (null)
type: T_SEMICOLON, value: (null)
type: T_KEYWORD, value: import
type: T_IDENT, value: std
type: T_DOT, value: (null)
type: T_IDENT, value: io
type: T_SEMICOLON, value: (null)
type: T_KEYWORD, value: import
type: T_DOT, value: (null)
type: T_IDENT, value: directory
type: T_DOT, value: (null)
type: T_IDENT, value: file
type: T_SEMICOLON, value: (null)
type: T_KEYWORD, value: import
type: T_DOT, value: (null)
type: T_IDENT, value: directory
type: T_DOT, value: (null)
type: T_STRING, value: fancy-name
type: T_DOT, value: (null)
type: T_IDENT, value: name
type: T_SEMICOLON, value: (null)
type: T_KEYWORD, value: export
type: T_KEYWORD, value: struct
type: T_IDENT, value: A
type: T_BRACE_L, value: (null)
type: T_IDENT, value: i32
type: T_IDENT, value: a
type: T_SEMICOLON, value: (null)
type: T_COMMENT, value: (null)
type: T_IDENT, value: i32
type: T_IDENT, value: b
type: T_ASSIGN, value: (null)
type: T_INT, value: 10
type: T_SEMICOLON, value: (null)
type: T_IDENT, value: f64
type: T_IDENT, value: c
type: T_ASSIGN, value: (null)
type: T_FLOAT, value: 10.23
type: T_SEMICOLON, value: (null)
type: T_IDENT, value: f32
type: T_IDENT, value: d
type: T_ASSIGN, value: (null)
type: T_FLOAT, value: .65
type: T_SEMICOLON, value: (null)
type: T_IDENT, value: f32
type: T_IDENT, value: e
type: T_ASSIGN, value: (null)
type: T_FLOAT, value: .4e10
type: T_SEMICOLON, value: (null)
type: T_IDENT, value: f32
type: T_IDENT, value: f
type: T_ASSIGN, value: (null)
type: T_FLOAT, value: 4e4
type: T_SEMICOLON, value: (null)
type: T_IDENT, value: char
type: T_PAREN_L, value: (null)
type: T_IDENT, value: A
type: T_IDENT, value: self
type: T_COMMA, value: (null)
type: T_IDENT, value: bool
type: T_IDENT, value: stuff
type: T_PAREN_R, value: (null)
type: T_REF, value: (null)
type: T_IDENT, value: method
type: T_ASSIGN, value: (null)
type: T_BRACE_L, value: (null)
type: T_KEYWORD, value: return
type: T_CHAR, value: x
type: T_SEMICOLON, value: (null)
type: T_BRACE_R, value: (null)
type: T_SEMICOLON, value: (null)
type: T_IDENT, value: char
type: T_PAREN_L, value: (null)
type: T_IDENT, value: A
type: T_COMMA, value: (null)
type: T_IDENT, value: bool
type: T_PAREN_R, value: (null)
type: T_REF, value: (null)
type: T_IDENT, value: sameThing
type: T_ASSIGN, value: (null)
type: T_IDENT, value: char
type: T_PAREN_L, value: (null)
type: T_IDENT, value: A
type: T_IDENT, value: self
type: T_COMMA, value: (null)
type: T_IDENT, value: bool
type: T_IDENT, value: stuff
type: T_PAREN_R, value: (null)
type: T_BRACE_L, value: (null)
type: T_BRACE_R, value: (null)
type: T_SEMICOLON, value: (null)
type: T_BRACE_R, value: (null)
type: T_IDENT, value: i32
type: T_REF, value: (null)
type: T_IDENT, value: aPtr
type: T_SEMICOLON, value: (null)
type: T_IDENT, value: i32
type: T_BRACK_L, value: (null)
type: T_BRACK_R, value: (null)
type: T_IDENT, value: array
type: T_ASSIGN, value: (null)
type: T_BRACE_L, value: (null)
type: T_INT, value: 1
type: T_COMMA, value: (null)
type: T_INT, value: 2
type: T_COMMA, value: (null)
type: T_INT, value: 3
type: T_COMMA, value: (null)
type: T_INT, value: 4
type: T_BRACE_R, value: (null)
type: T_SEMICOLON, value: (null)
type: T_IDENT, value: i32
type: T_BRACK_L, value: (null)
type: T_BRACK_R, value: (null)
type: T_IDENT, value: arrayAgain
type: T_ASSIGN, value: (null)
type: T_IDENT, value: i32
type: T_BRACK_L, value: (null)
type: T_BRACK_R, value: (null)
type: T_BRACE_L, value: (null)
type: T_INT, value: 1
type: T_COMMA, value: (null)
type: T_INT, value: 2
type: T_COMMA, value: (null)
type: T_INT, value: 3
type: T_COMMA, value: (null)
type: T_INT, value: 4
type: T_BRACE_R, value: (null)
type: T_SEMICOLON, value: (null)
type: T_IDENT, value: u8
type: T_BRACK_L, value: (null)
type: T_INT, value: 128
type: T_BRACK_R, value: (null)
type: T_IDENT, value: preallocArray
type: T_SEMICOLON, value: (null)
type: T_IDENT, value: i32
type: T_BRACK_L, value: (null)
type: T_BRACK_R, value: (null)
type: T_REF, value: (null)
type: T_IDENT, value: ptrToArray
type: T_ASSIGN, value: (null)
type: T_REF, value: (null)
type: T_IDENT, value: array
type: T_SEMICOLON, value: (null)
type: T_IDENT, value: i32
type: T_REF, value: (null)
type: T_BRACK_L, value: (null)
type: T_BRACK_R, value: (null)
type: T_IDENT, value: arrayOfPtr
type: T_ASSIGN, value: (null)
type: T_IDENT, value: null
type: T_SEMICOLON, value: (null)
type: T_IDENT, value: i32
type: T_PAREN_L, value: (null)
type: T_IDENT, value: char
type: T_PAREN_R, value: (null)
type: T_REF, value: (null)
type: T_IDENT, value: ptrToFuncReturnsI32
type: T_SEMICOLON, value: (null)
type: T_COMMENT, value: (null)
type: T_IDENT, value: char
type: T_PAREN_L, value: (null)
type: T_IDENT, value: A
type: T_IDENT, value: byValue
type: T_COMMA, value: (null)
type: T_IDENT, value: A
type: T_REF, value: (null)
type: T_IDENT, value: byPointer
type: T_COMMA, value: (null)
type: T_IDENT, value: A
type: T_BRACK_L, value: (null)
type: T_BRACK_R, value: (null)
type: T_IDENT, value: byValue
type: T_COMMA, value: (null)
type: T_IDENT, value: A
type: T_BRACK_L, value: (null)
type: T_BRACK_R, value: (null)
type: T_REF, value: (null)
type: T_IDENT, value: byReferenceOfArray
type: T_PAREN_R, value: (null)
type: T_IDENT, value: aFunction
type: T_ASSIGN, value: (null)
type: T_BRACE_L, value: (null)
type: T_KEYWORD, value: if
type: T_PAREN_L, value: (null)
type: T_IDENT, value: byValue
type: T_DOT, value: (null)
type: T_IDENT, value: a
type: T_EQ, value: (null)
type: T_IDENT, value: byPointer
type: T_DOT, value: (null)
type: T_IDENT, value: b
type: T_PAREN_R, value: (null)
type: T_BRACE_L, value: (null)
type: T_COMMENT, value: (null)
type: T_KEYWORD, value: return
type: T_IDENT, value: byPointer
type: T_DOT, value: (null)
type: T_IDENT, value: c
type: T_SEMICOLON, value: (null)
type: T_BRACE_R, value: (null)
type: T_IDENT, value: A
type: T_IDENT, value: copied
type: T_ASSIGN, value: (null)
type: T_DEREF, value: (null)
type: T_IDENT, value: byPointer
type: T_SEMICOLON, value: (null)
type: T_IDENT, value: A
type: T_IDENT, value: object
type: T_SEMICOLON, value: (null)
type: T_COMMENT, value: (null)
type: T_IDENT, value: A
type: T_IDENT, value: another
type: T_ASSIGN, value: (null)
type: T_BRACE_L, value: (null)
type: T_INT, value: 1
type: T_COMMA, value: (null)
type: T_COMMENT, value: (null)
type: T_IDENT, value: c
type: T_ASSIGN, value: (null)
type: T_INT, value: 10
type: T_COMMA, value: (null)
type: T_INT, value: 123
type: T_COMMA, value: (null)
type: T_COMMENT, value: (null)
type: T_BRACE_R, value: (null)
type: T_SEMICOLON, value: (null)
type: T_KEYWORD, value: return
type: T_CHAR, value: x
type: T_SEMICOLON, value: (null)
type: T_BRACE_R, value: (null)
type: T_IDENT, value: void
type: T_PAREN_L, value: (null)
type: T_PAREN_R, value: (null)
type: T_IDENT, value: normalFunction
type: T_ASSIGN, value: (null)
type: T_BRACE_L, value: (null)
type: T_IDENT, value: io
type: T_DOT, value: (null)
type: T_IDENT, value: print
type: T_PAREN_L, value: (null)
type: T_IDENT, value: stuff
type: T_PAREN_R, value: (null)
type: T_SEMICOLON, value: (null)
type: T_BRACE_R, value: (null)
type: T_IDENT, value: i32
type: T_PAREN_L, value: (null)
type: T_PAREN_R, value: (null)
type: T_ASSIGN, value: (null)
type: T_BRACE_L, value: (null)
type: T_IDENT, value: i32
type: T_IDENT, value: a
type: T_ASSIGN, value: (null)
type: T_PAREN_L, value: (null)
type: T_PAREN_L, value: (null)
type: T_INT, value: 10
type: T_PLUS, value: (null)
type: T_INT, value: 5
type: T_PAREN_R, value: (null)
type: T_MULT, value: (null)
type: T_INT, value: 600
type: T_DIV, value: (null)
type: T_INT, value: 4
type: T_PLUS, value: (null)
type: T_INT, value: 8
type: T_PAREN_R, value: (null)
type: T_MULT, value: (null)
type: T_INT, value: 3
type: T_SEMICOLON, value: (null)
type: T_KEYWORD, value: while
type: T_PAREN_L, value: (null)
type: T_IDENT, value: a
type: T_LT, value: (null)
type: T_INT, value: 0
type: T_PAREN_R, value: (null)
type: T_BRACE_L, value: (null)
type: T_IDENT, value: a
type: T_ASLSHIFT, value: (null)
type: T_INT, value: 1
type: T_SEMICOLON, value: (null)
type: T_BRACE_R, value: (null)
type: T_KEYWORD, value: for
type: T_PAREN_L, value: (null)
type: T_IDENT, value: i32
type: T_IDENT, value: i
type: T_ASSIGN, value: (null)
type: T_INT, value: 0
type: T_SEMICOLON, value: (null)
type: T_IDENT, value: i
type: T_LT, value: (null)
type: T_INT, value: 100
type: T_SEMICOLON, value: (null)
type: T_IDENT, value: i
type: T_ASPLUS, value: (null)
type: T_INT, value: 1
type: T_PAREN_R, value: (null)
type: T_BRACE_L, value: (null)
type: T_KEYWORD, value: if
type: T_PAREN_L, value: (null)
type: T_IDENT, value: i
type: T_EQ, value: (null)
type: T_INT, value: 5
type: T_PAREN_R, value: (null)
type: T_BRACE_L, value: (null)
type: T_IDENT, value: continue
type: T_SEMICOLON, value: (null)
type: T_BRACE_R, value: (null)
type: T_KEYWORD, value: if
type: T_PAREN_L, value: (null)
type: T_IDENT, value: i
type: T_EQ, value: (null)
type: T_INT, value: 8
type: T_PAREN_R, value: (null)
type: T_BRACE_L, value: (null)
type: T_IDENT, value: break
type: T_SEMICOLON, value: (null)
type: T_BRACE_R, value: (null)
type: T_BRACE_R, value: (null)
type: T_IDENT, value: f32
type: T_IDENT, value: f
type: T_ASSIGN, value: (null)
type: T_IDENT, value: sqrt
type: T_PAREN_L, value: (null)
type: T_INT, value: 2
type: T_PAREN_R, value: (null)
type: T_SEMICOLON, value: (null)
type: T_IDENT, value: f32
type: T_IDENT, value: g
type: T_ASSIGN, value: (null)
type: T_IDENT, value: sqrt
type: T_PAREN_L, value: (null)
type: T_FLOAT, value: 2.5e
type: T_MINUS, value: (null)
type: T_INT, value: 4
type: T_PAREN_R, value: (null)
type: T_SEMICOLON, value: (null)
type: T_KEYWORD, value: if
type: T_PAREN_L, value: (null)
type: T_IDENT, value: true
type: T_PAREN_R, value: (null)
type: T_KEYWORD, value: if
type: T_PAREN_L, value: (null)
type: T_IDENT, value: a
type: T_EQ, value: (null)
type: T_INT, value: 10
type: T_PAREN_R, value: (null)
type: T_IDENT, value: a
type: T_ASSIGN, value: (null)
type: T_INT, value: 11
type: T_SEMICOLON, value: (null)
type: T_KEYWORD, value: else
type: T_IDENT, value: a
type: T_ASSIGN, value: (null)
type: T_INT, value: 10
type: T_SEMICOLON, value: (null)
type: T_KEYWORD, value: switch
type: T_PAREN_L, value: (null)
type: T_IDENT, value: g
type: T_MULT, value: (null)
type: T_FLOAT, value: 0.5
type: T_PAREN_R, value: (null)
type: T_BRACE_L, value: (null)
type: T_KEYWORD, value: case
type: T_PAREN_L, value: (null)
type: T_INT, value: 0
type: T_PAREN_R, value: (null)
type: T_IDENT, value: print
type: T_PAREN_L, value: (null)
type: T_IDENT, value: g
type: T_PAREN_R, value: (null)
type: T_SEMICOLON, value: (null)
type: T_KEYWORD, value: case
type: T_PAREN_L, value: (null)
type: T_INT, value: 1
type: T_COMMA, value: (null)
type: T_INT, value: 2
type: T_COMMA, value: (null)
type: T_INT, value: 3
type: T_PAREN_R, value: (null)
type: T_BRACE_L, value: (null)
type: T_IDENT, value: char
type: T_IDENT, value: x
type: T_ASSIGN, value: (null)
type: T_CHAR, value: 1
type: T_SEMICOLON, value: (null)
type: T_IDENT, value: print
type: T_PAREN_L, value: (null)
type: T_IDENT, value: x
type: T_PAREN_R, value: (null)
type: T_SEMICOLON, value: (null)
type: T_BRACE_R, value: (null)
type: T_KEYWORD, value: case
type: T_PAREN_L, value: (null)
type: T_PAREN_R, value: (null)
type: T_BRACE_L, value: (null)
type: T_IDENT, value: print
type: T_PAREN_L, value: (null)
type: T_STRING, value: default
type: T_PAREN_R, value: (null)
type: T_SEMICOLON, value: (null)
type: T_BRACE_R, value: (null)
type: T_BRACE_R, value: (null)
type: T_IDENT, value: char
type: T_BRACK_L, value: (null)
type: T_BRACK_R, value: (null)
type: T_IDENT, value: string
type: T_ASSIGN, value: (null)
type: T_STRING, value: string $#%$^%$^$ \" escape^
type: T_SEMICOLON, value: (null)
type: T_IDENT, value: char
type: T_BRACK_L, value: (null)
type: T_BRACK_R, value: (null)
type: T_IDENT, value: string1
type: T_ASSIGN, value: (null)
type: T_STRING, value: concat stringishere
type: T_SEMICOLON, value: (null)
type: T_IDENT, value: char
type: T_BRACK_L, value: (null)
type: T_BRACK_R, value: (null)
type: T_IDENT, value: longstring
type: T_ASSIGN, value: (null)
type: T_STRING, value: aaaaaaaaaaaaaaaaaaaaaaaaaaaaaaaaaaaaaaaaaaaaaaaaaaaaaaaaaaaaaaaaaaaaaaaaaaaaaaaaaaaaaaaaaaaaaaaaaaaaaaaaaaaaaaaaaaaaaaaaaaaaaaaaaaaaaaaaaaaaaaaaaaaaaaaaaaaaaaaaaaaaaaaaaaaaaaaaaaaaaaaaaaaaaaaaaaaaaaaaaaaaaaaaaaaaaaaaaaaaaaaaaaaaaaaaaaaaaaaaaaaaaaaaaaaaaaaaaaaaaaaaaaaaaaaaaaaaaaaaaaaaaaaaaaaaaaaaaaaaaaaaaaaaaaaaaaaaaaaaaaaaaaaaaaaaaaaaaaaaaaaaaaaaaaaaaaaaaaaaaaaaaaaaaaaaaaaaaaaaaaaaaaaaaaaaaaaaaaaaaaaaaaaaaaaaaaaaaaaaaaaaaaaaaaaaaaaaaaaaaaaaaaaaaaaaaaaaaaaaaaaaaaaaaaaaaaaaaaaaaaaaaaaaaaaaaaaaaaaaaaaaaaaaaaaaaaaaaaaaaaaaaaaaaaaaaaaaaaaaaaaaaaaaaaaaaaaaaaaaaaaaaaaaaaaaaaaaaaaaaaaaaaaaaaaaaaaaaaaaaaaaaaaaaaaaaaaaaaaaaaaaaaaaaaaaaaaaaaaaaaaaaaaaaaaaaaaaaaaaaaaaaaaaaaaaaaaaaaaaaaaaaaaaaaaaaaaaaaaaaaaaaaaaaaaaaaaaaaaaaaaaaaaaaaaaaaaaaaaaaaaaaaaaaaaaaaaaaaaaaaaaaaaaaaaaaaaaaaaaaaaaaaaaaaaaaaaaaaaaaaaaaaaaaaaaaaaaaaaaaaaaaaaaaaaaaaaaaaaaaaaaaaaaaaaaaaaaaaaaaaaaaaaaaaaaaaaaaaaaaaaaaaaaaaaaaaaaaaaaaaaaaaaaaaaaaaaaaaaaaaaaaaaaaaaaaaaaaaaaaaaaaaaaaaaaaaaaaaaaaaaaaaaaaaaaaaaaaaaaaaaaaaaaaaaaaaaaaaaaaaaaaaaaaaaaaaaaaaaaaaaaaaaaaaaaaaaaaaaaaaaaaaaaaaaaaaaaaaaaaaaaaaaaaaaaaaaaaaaaaaaaaaaaaaaaaaaaaaaaaaaaaaaaaaaaaaaaaaaaaaaaaaaaaaaaaaaaaaaaaaaaaaaaaaaaaaaaaaaaaaaaaaaaaaaaaaaaaaaaaaaaaaaaaaaaaaaaaaaaaaaaaaaaaaaaaaaaaaaaaaaaaaaaaaaaaaaaaaaaaaaaaaaaaaaaaaaaaaaaaaaaaaaaaaaaaaaaaaaaaaaaaaaaaaaaaaaaaaaaaaaaaaaaaaaaaaaaaaaaaaaaaaaaaaaaaaaaaaaaaaaaaaaaaaaaaaaaaaaaaaaaaaaaaaaaaaaaaaaaaaaaaaaaaaaaaaaaaaaaaaaaaaaaaaaaaaaaaaaaaaaaaaaaaaaaaaaaaaaaaaaaaaaaaaaaaaaaaaaaaaaaaaaaaaaaaaaaaaaaaaaaaaaaaaaaaaaaaaaaaaaaaaaaaaaaaaaaaaaaaaaaaaaaaaaaaaaaaaaaaaaaaaaaaaaaaaaaaaaaaaaaaaaaaaaaaaaaaaaaaaaaaaaaaaaaaaaaaaaaaaaaaaaaaaaaaaaaaaaaaaaaaaaaaaaaaaaaaaaaaaaaaaaaaaaaaaaaaaaaaaaaaaaaaaaaaaaaaaaaaaaaaaaaaaaaaaaaaaaaaaaaaaaaaaaaaaaaaaaaaaaaaaaaaaaaaaaaaaaaaaaaaaaaaaaaaaaaaaaaaaaaaaaaaaaaaaaaaaaaaaaaaaaaaaaaaaaaaaaaaaaaaaaaaaaaaaaaaaaaaaaaaaaaaaaaaaaaaaaaaaaaaaaaaaaaaaaaaaaaaaaaaaaaaaaaaaaaaaaaaaaaaaaaaaaaaaaaaaaaaaaaaaaaaaaaaaaaaaaaaaaaaaaaaaaaaaaaaaaaaaaaaaaaaaaaaaaaaaaaaaaaaaaaaaaaaaaaaaaaaaaaaaaaaaaaaaaaaaaa
type: T_SEMICOLON, value: (null)
type: T_IDENT, value: A
type: T_IDENT, value: a
type: T_SEMICOLON, value: (null)
type: T_IDENT, value: a
type: T_COLON, value: (null)
type: T_IDENT, value: method
type: T_PAREN_L, value: (null)
type: T_PAREN_R, value: (null)
type: T_SEMICOLON, value: (null)
type: T_COMMENT, value: (null)
type: T_BRACE_R, value: (null)
type: T_COMMENT, value: (null)
type: T_EOT, value: (null)
